0 verbose cli C:\Program Files\nodejs\node.exe C:\Program Files\nodejs\node_modules\npm\bin\npm-cli.js
1 info using npm@11.12.1
2 info using node@v24.15.0
3 silly config load:file:C:\Program Files\nodejs\node_modules\npm\npmrc
4 silly config load:file:C:\Users\jesse\OneDrive\Desktop\Garage Inventory\.npmrc
5 silly config load:file:C:\Users\jesse\.npmrc
6 silly config load:file:C:\Users\jesse\AppData\Roaming\npm\etc\npmrc
7 verbose title npm install
8 verbose argv "install" "--package-lock-only" "--cache" ".\\.npm-cache"
9 verbose logfile logs-max:10 dir:C:\Users\jesse\OneDrive\Desktop\Garage Inventory\.npm-cache\_logs\2026-05-26T19_21_27_826Z-
10 verbose logfile C:\Users\jesse\OneDrive\Desktop\Garage Inventory\.npm-cache\_logs\2026-05-26T19_21_27_826Z-debug-0.log
11 silly logfile done cleaning log files
12 silly packumentCache heap:4496293888 maxSize:1124073472 maxEntrySize:562036736
13 silly idealTree buildDeps
14 silly audit bulk request {
14 silly audit   '@babel/code-frame': [ '7.29.0' ],
14 silly audit   '@babel/compat-data': [ '7.29.3' ],
14 silly audit   '@babel/core': [ '7.29.0' ],
14 silly audit   '@babel/generator': [ '7.29.1' ],
14 silly audit   '@babel/helper-compilation-targets': [ '7.28.6' ],
14 silly audit   '@babel/helper-globals': [ '7.28.0' ],
14 silly audit   '@babel/helper-module-imports': [ '7.28.6' ],
14 silly audit   '@babel/helper-module-transforms': [ '7.28.6' ],
14 silly audit   '@babel/helper-plugin-utils': [ '7.28.6' ],
14 silly audit   '@babel/helper-string-parser': [ '7.27.1' ],
14 silly audit   '@babel/helper-validator-identifier': [ '7.28.5' ],
14 silly audit   '@babel/helper-validator-option': [ '7.27.1' ],
14 silly audit   '@babel/helpers': [ '7.29.2' ],
14 silly audit   '@babel/parser': [ '7.29.3' ],
14 silly audit   '@babel/plugin-transform-react-jsx-self': [ '7.27.1' ],
14 silly audit   '@babel/plugin-transform-react-jsx-source': [ '7.27.1' ],
14 silly audit   '@babel/template': [ '7.28.6' ],
14 silly audit   '@babel/traverse': [ '7.29.0' ],
14 silly audit   '@babel/types': [ '7.29.0' ],
14 silly audit   '@esbuild/aix-ppc64': [ '0.27.7' ],
14 silly audit   '@esbuild/android-arm': [ '0.27.7' ],
14 silly audit   '@esbuild/android-arm64': [ '0.27.7' ],
14 silly audit   '@esbuild/android-x64': [ '0.27.7' ],
14 silly audit   '@esbuild/darwin-arm64': [ '0.27.7' ],
14 silly audit   '@esbuild/darwin-x64': [ '0.27.7' ],
14 silly audit   '@esbuild/freebsd-arm64': [ '0.27.7' ],
14 silly audit   '@esbuild/freebsd-x64': [ '0.27.7' ],
14 silly audit   '@esbuild/linux-arm': [ '0.27.7' ],
14 silly audit   '@esbuild/linux-arm64': [ '0.27.7' ],
14 silly audit   '@esbuild/linux-ia32': [ '0.27.7' ],
14 silly audit   '@esbuild/linux-loong64': [ '0.27.7' ],
14 silly audit   '@esbuild/linux-mips64el': [ '0.27.7' ],
14 silly audit   '@esbuild/linux-ppc64': [ '0.27.7' ],
14 silly audit   '@esbuild/linux-riscv64': [ '0.27.7' ],
14 silly audit   '@esbuild/linux-s390x': [ '0.27.7' ],
14 silly audit   '@esbuild/linux-x64': [ '0.27.7' ],
14 silly audit   '@esbuild/netbsd-arm64': [ '0.27.7' ],
14 silly audit   '@esbuild/netbsd-x64': [ '0.27.7' ],
14 silly audit   '@esbuild/openbsd-arm64': [ '0.27.7' ],
14 silly audit   '@esbuild/openbsd-x64': [ '0.27.7' ],
14 silly audit   '@esbuild/openharmony-arm64': [ '0.27.7' ],
14 silly audit   '@esbuild/sunos-x64': [ '0.27.7' ],
14 silly audit   '@esbuild/win32-arm64': [ '0.27.7' ],
14 silly audit   '@esbuild/win32-ia32': [ '0.27.7' ],
14 silly audit   '@esbuild/win32-x64': [ '0.27.7' ],
14 silly audit   '@jridgewell/gen-mapping': [ '0.3.13' ],
14 silly audit   '@jridgewell/remapping': [ '2.3.5' ],
14 silly audit   '@jridgewell/resolve-uri': [ '3.1.2' ],
14 silly audit   '@jridgewell/sourcemap-codec': [ '1.5.5' ],
14 silly audit   '@jridgewell/trace-mapping': [ '0.3.31' ],
14 silly audit   '@rolldown/pluginutils': [ '1.0.0-rc.3' ],
14 silly audit   '@rollup/rollup-android-arm-eabi': [ '4.60.4' ],
14 silly audit   '@rollup/rollup-android-arm64': [ '4.60.4' ],
14 silly audit   '@rollup/rollup-darwin-arm64': [ '4.60.4' ],
14 silly audit   '@rollup/rollup-darwin-x64': [ '4.60.4' ],
14 silly audit   '@rollup/rollup-freebsd-arm64': [ '4.60.4' ],
14 silly audit   '@rollup/rollup-freebsd-x64': [ '4.60.4' ],
14 silly audit   '@rollup/rollup-linux-arm-gnueabihf': [ '4.60.4' ],
14 silly audit   '@rollup/rollup-linux-arm-musleabihf': [ '4.60.4' ],
14 silly audit   '@rollup/rollup-linux-arm64-gnu': [ '4.60.4' ],
14 silly audit   '@rollup/rollup-linux-arm64-musl': [ '4.60.4' ],
14 silly audit   '@rollup/rollup-linux-loong64-gnu': [ '4.60.4' ],
14 silly audit   '@rollup/rollup-linux-loong64-musl': [ '4.60.4' ],
14 silly audit   '@rollup/rollup-linux-ppc64-gnu': [ '4.60.4' ],
14 silly audit   '@rollup/rollup-linux-ppc64-musl': [ '4.60.4' ],
14 silly audit   '@rollup/rollup-linux-riscv64-gnu': [ '4.60.4' ],
14 silly audit   '@rollup/rollup-linux-riscv64-musl': [ '4.60.4' ],
14 silly audit   '@rollup/rollup-linux-s390x-gnu': [ '4.60.4' ],
14 silly audit   '@rollup/rollup-linux-x64-gnu': [ '4.60.4' ],
14 silly audit   '@rollup/rollup-linux-x64-musl': [ '4.60.4' ],
14 silly audit   '@rollup/rollup-openbsd-x64': [ '4.60.4' ],
14 silly audit   '@rollup/rollup-openharmony-arm64': [ '4.60.4' ],
14 silly audit   '@rollup/rollup-win32-arm64-msvc': [ '4.60.4' ],
14 silly audit   '@rollup/rollup-win32-ia32-msvc': [ '4.60.4' ],
14 silly audit   '@rollup/rollup-win32-x64-gnu': [ '4.60.4' ],
14 silly audit   '@rollup/rollup-win32-x64-msvc': [ '4.60.4' ],
14 silly audit   '@types/babel__core': [ '7.20.5' ],
14 silly audit   '@types/babel__generator': [ '7.27.0' ],
14 silly audit   '@types/babel__template': [ '7.4.4' ],
14 silly audit   '@types/babel__traverse': [ '7.28.0' ],
14 silly audit   '@types/estree': [ '1.0.8' ],
14 silly audit   '@vitejs/plugin-react': [ '5.2.0' ],
14 silly audit   'baseline-browser-mapping': [ '2.10.31' ],
14 silly audit   browserslist: [ '4.28.2' ],
14 silly audit   'caniuse-lite': [ '1.0.30001793' ],
14 silly audit   'convert-source-map': [ '2.0.0' ],
14 silly audit   debug: [ '4.4.3' ],
14 silly audit   'electron-to-chromium': [ '1.5.359' ],
14 silly audit   esbuild: [ '0.27.7' ],
14 silly audit   escalade: [ '3.2.0' ],
14 silly audit   fdir: [ '6.5.0' ],
14 silly audit   fsevents: [ '2.3.3' ],
14 silly audit   gensync: [ '1.0.0-beta.2' ],
14 silly audit   'js-tokens': [ '4.0.0' ],
14 silly audit   jsesc: [ '3.1.0' ],
14 silly audit   json5: [ '2.2.3' ],
14 silly audit   'lru-cache': [ '5.1.1' ],
14 silly audit   'lucide-react': [ '0.561.0' ],
14 silly audit   ms: [ '2.1.3' ],
14 silly audit   nanoid: [ '3.3.12' ],
14 silly audit   'node-releases': [ '2.0.44' ],
14 silly audit   picocolors: [ '1.1.1' ],
14 silly audit   picomatch: [ '4.0.4' ],
14 silly audit   postcss: [ '8.5.15' ],
14 silly audit   react: [ '19.2.6' ],
14 silly audit   'react-dom': [ '19.2.6' ],
14 silly audit   'react-refresh': [ '0.18.0' ],
14 silly audit   rollup: [ '4.60.4' ],
14 silly audit   scheduler: [ '0.27.0' ],
14 silly audit   semver: [ '6.3.1' ],
14 silly audit   'source-map-js': [ '1.2.1' ],
14 silly audit   tinyglobby: [ '0.2.16' ],
14 silly audit   'update-browserslist-db': [ '1.2.3' ],
14 silly audit   vite: [ '7.3.3' ],
14 silly audit   yallist: [ '3.1.1' ]
14 silly audit }
15 http fetch GET https://registry.npmjs.org/npm attempt 1 failed with EACCES
16 verbose audit error FetchError: request to https://registry.npmjs.org/-/npm/v1/security/advisories/bulk failed, reason: 
16 verbose audit error     at ClientRequest.<anonymous> (C:\Program Files\nodejs\node_modules\npm\node_modules\minipass-fetch\lib\index.js:130:14)
16 verbose audit error     at ClientRequest.emit (node:events:509:28)
16 verbose audit error     at emitErrorEvent (node:_http_client:109:11)
16 verbose audit error     at _destroy (node:_http_client:993:9)
16 verbose audit error     at onSocketNT (node:_http_client:1013:5)
16 verbose audit error     at process.processTicksAndRejections (node:internal/process/task_queues:91:21) {
16 verbose audit error   code: 'EACCES',
16 verbose audit error   errno: 'EACCES',
16 verbose audit error   type: 'system'
16 verbose audit error }
17 silly audit error undefined
18 silly audit report null
19 verbose cwd C:\Users\jesse\OneDrive\Desktop\Garage Inventory
20 verbose os Windows_NT 10.0.26200
21 verbose node v24.15.0
22 verbose npm  v11.12.1
23 verbose exit 0
24 info ok
